http://Bilious.deviantart.com/art/RS-Kip-quickpaint-102686243
http://Caravela.deviantart.com/art/The-Day-Slips-Away-100459476
http://LEKKER.deviantart.com/art/Sour-StarFruit-104869860
http://MarkNewman.deviantart.com/art/quot-Iris-in-bloom-quot-47580133
http://Morskaya.deviantart.com/art/Forsaken-Paradise-47728879
http://Paimonerra.deviantart.com/art/Aqua-Terra-75581269
http://SaintMaria666.deviantart.com/art/Bewildered-100137033
http://Wilithin.deviantart.com/art/d-a-n-d-e-l-i-o-n-f-a-i-r-III-97614555
http://a-human-works.deviantart.com/art/Sound-worshipper-60794227
http://dertrickzer.deviantart.com/art/Fight-for-a-better-tomorrow-92110770
http://dinos99.deviantart.com/art/red-head-girl-97376087
http://girl-of-art.deviantart.com/art/Violin-romance-NEW-VERSION-104746002
http://jfliesenborghs.deviantart.com/art/Sunset-81603455
http://joied6.deviantart.com/art/The-Sun-and-The-Moon-102527968
http://matsichan.deviantart.com/art/Poverty-31277844
http://mayoofka.deviantart.com/art/iced-103633489
http://najustock.deviantart.com/art/Forgotten-Coast-54-Stock-104483737
http://padika11.deviantart.com/art/Trees-and-stars-105134163
http://photoshop-stock.deviantart.com/art/Vintage-Effect-Ps-Actions-100468287
http://pigarot.deviantart.com/art/1-man-104007735
http://pockets1987.deviantart.com/art/Adorable-Snowman-105134961
http://shiricki.deviantart.com/art/kyaaa-biz-Soap-Fox-99912675
http://silvair.deviantart.com/art/Commission-Korru-94600537
