http://www.gametrailers.com/player/43086.html?r=1
http://www.gametrailers.com/player/43089.html?r=1
http://www.gametrailers.com/player/43126.html?r=1
http://www.gametrailers.com/player/43193.html?r=1
http://www.gametrailers.com/player/43201.html?r=1
http://www.gametrailers.com/player/43204.html?r=1
http://www.gametrailers.com/player/43211.html?r=1
http://www.gametrailers.com/player/43232.html?r=1
http://www.gametrailers.com/player/43238.html?r=1
http://www.gametrailers.com/player/43249.html?r=1
http://www.gametrailers.com/player/43253.html?r=1
http://www.gametrailers.com/player/43257.html?r=1
http://www.gametrailers.com/player/43259.html?r=1
http://www.gametrailers.com/player/43264.html?r=1
http://www.gametrailers.com/player/43266.html?r=1
http://www.gametrailers.com/player/43267.html?r=1
http://www.gametrailers.com/player/43269.html?r=1
http://www.gametrailers.com/player/43271.html?r=1
http://www.gametrailers.com/player/43279.html?r=1
http://www.gametrailers.com/player/43292.html?r=1
